Archive member included to satisfy reference by file (symbol)

d:/program files/stm32cubeide_1.10.1/stm32cubeide/plugins/com.st.stm32cube.ide.mcu.externaltools.gnu-tools-for-stm32.10.3-2021.10.win32_1.0.0.202111181127/tools/bin/../lib/gcc/arm-none-eabi/10.3.1/../../../../arm-none-eabi/lib/thumb/v6-m/nofp\libc_nano.a(lib_a-errno.o)
                              ./Core/Src/syscalls.o (__errno)
d:/program files/stm32cubeide_1.10.1/stm32cubeide/plugins/com.st.stm32cube.ide.mcu.externaltools.gnu-tools-for-stm32.10.3-2021.10.win32_1.0.0.202111181127/tools/bin/../lib/gcc/arm-none-eabi/10.3.1/../../../../arm-none-eabi/lib/thumb/v6-m/nofp\libc_nano.a(lib_a-exit.o)
                              d:/program files/stm32cubeide_1.10.1/stm32cubeide/plugins/com.st.stm32cube.ide.mcu.externaltools.gnu-tools-for-stm32.10.3-2021.10.win32_1.0.0.202111181127/tools/bin/../lib/gcc/arm-none-eabi/10.3.1/../../../../arm-none-eabi/lib/thumb/v6-m/nofp/crt0.o (exit)
d:/program files/stm32cubeide_1.10.1/stm32cubeide/plugins/com.st.stm32cube.ide.mcu.externaltools.gnu-tools-for-stm32.10.3-2021.10.win32_1.0.0.202111181127/tools/bin/../lib/gcc/arm-none-eabi/10.3.1/../../../../arm-none-eabi/lib/thumb/v6-m/nofp\libc_nano.a(lib_a-impure.o)
                              d:/program files/stm32cubeide_1.10.1/stm32cubeide/plugins/com.st.stm32cube.ide.mcu.externaltools.gnu-tools-for-stm32.10.3-2021.10.win32_1.0.0.202111181127/tools/bin/../lib/gcc/arm-none-eabi/10.3.1/../../../../arm-none-eabi/lib/thumb/v6-m/nofp\libc_nano.a(lib_a-exit.o) (_global_impure_ptr)
d:/program files/stm32cubeide_1.10.1/stm32cubeide/plugins/com.st.stm32cube.ide.mcu.externaltools.gnu-tools-for-stm32.10.3-2021.10.win32_1.0.0.202111181127/tools/bin/../lib/gcc/arm-none-eabi/10.3.1/../../../../arm-none-eabi/lib/thumb/v6-m/nofp\libc_nano.a(lib_a-init.o)
                              d:/program files/stm32cubeide_1.10.1/stm32cubeide/plugins/com.st.stm32cube.ide.mcu.externaltools.gnu-tools-for-stm32.10.3-2021.10.win32_1.0.0.202111181127/tools/bin/../lib/gcc/arm-none-eabi/10.3.1/../../../../arm-none-eabi/lib/thumb/v6-m/nofp/crt0.o (__libc_init_array)
d:/program files/stm32cubeide_1.10.1/stm32cubeide/plugins/com.st.stm32cube.ide.mcu.externaltools.gnu-tools-for-stm32.10.3-2021.10.win32_1.0.0.202111181127/tools/bin/../lib/gcc/arm-none-eabi/10.3.1/../../../../arm-none-eabi/lib/thumb/v6-m/nofp\libc_nano.a(lib_a-memset.o)
                              d:/program files/stm32cubeide_1.10.1/stm32cubeide/plugins/com.st.stm32cube.ide.mcu.externaltools.gnu-tools-for-stm32.10.3-2021.10.win32_1.0.0.202111181127/tools/bin/../lib/gcc/arm-none-eabi/10.3.1/../../../../arm-none-eabi/lib/thumb/v6-m/nofp/crt0.o (memset)
d:/program files/stm32cubeide_1.10.1/stm32cubeide/plugins/com.st.stm32cube.ide.mcu.externaltools.gnu-tools-for-stm32.10.3-2021.10.win32_1.0.0.202111181127/tools/bin/../lib/gcc/arm-none-eabi/10.3.1/thumb/v6-m/nofp\libgcc.a(_udivsi3.o)
                              ./Core/Src/system_stm32f0xx.o (__aeabi_uidiv)
d:/program files/stm32cubeide_1.10.1/stm32cubeide/plugins/com.st.stm32cube.ide.mcu.externaltools.gnu-tools-for-stm32.10.3-2021.10.win32_1.0.0.202111181127/tools/bin/../lib/gcc/arm-none-eabi/10.3.1/thumb/v6-m/nofp\libgcc.a(_dvmd_tls.o)
                              d:/program files/stm32cubeide_1.10.1/stm32cubeide/plugins/com.st.stm32cube.ide.mcu.externaltools.gnu-tools-for-stm32.10.3-2021.10.win32_1.0.0.202111181127/tools/bin/../lib/gcc/arm-none-eabi/10.3.1/thumb/v6-m/nofp\libgcc.a(_udivsi3.o) (__aeabi_idiv0)
d:/program files/stm32cubeide_1.10.1/stm32cubeide/plugins/com.st.stm32cube.ide.mcu.externaltools.gnu-tools-for-stm32.10.3-2021.10.win32_1.0.0.202111181127/tools/bin/../lib/gcc/arm-none-eabi/10.3.1/thumb/v6-m/nofp\libgcc.a(_fixunsdfsi.o)
                              ./Core/Src/main.o (__aeabi_d2uiz)
d:/program files/stm32cubeide_1.10.1/stm32cubeide/plugins/com.st.stm32cube.ide.mcu.externaltools.gnu-tools-for-stm32.10.3-2021.10.win32_1.0.0.202111181127/tools/bin/../lib/gcc/arm-none-eabi/10.3.1/thumb/v6-m/nofp\libgcc.a(muldf3.o)
                              ./Core/Src/main.o (__aeabi_dmul)
d:/program files/stm32cubeide_1.10.1/stm32cubeide/plugins/com.st.stm32cube.ide.mcu.externaltools.gnu-tools-for-stm32.10.3-2021.10.win32_1.0.0.202111181127/tools/bin/../lib/gcc/arm-none-eabi/10.3.1/thumb/v6-m/nofp\libgcc.a(subdf3.o)
                              d:/program files/stm32cubeide_1.10.1/stm32cubeide/plugins/com.st.stm32cube.ide.mcu.externaltools.gnu-tools-for-stm32.10.3-2021.10.win32_1.0.0.202111181127/tools/bin/../lib/gcc/arm-none-eabi/10.3.1/thumb/v6-m/nofp\libgcc.a(_fixunsdfsi.o) (__aeabi_dsub)
d:/program files/stm32cubeide_1.10.1/stm32cubeide/plugins/com.st.stm32cube.ide.mcu.externaltools.gnu-tools-for-stm32.10.3-2021.10.win32_1.0.0.202111181127/tools/bin/../lib/gcc/arm-none-eabi/10.3.1/thumb/v6-m/nofp\libgcc.a(fixdfsi.o)
[...]
Memory Configuration

Name             Origin             Length             Attributes
RAM              0x0000000020000000 0x0000000000002000 xrw
FLASH            0x0000000008000000 0x0000000000010000 xr
*default*        0x0000000000000000 0xffffffffffffffff

Linker script and memory map

LOAD d:/program files/stm32cubeide_1.10.1/stm32cubeide/plugins/com.st.stm32cube.ide.mcu.externaltools.gnu-tools-for-stm32.10.3-2021.10.win32_1.0.0.202111181127/tools/bin/../lib/gcc/arm-none-eabi/10.3.1/thumb/v6-m/nofp/crti.o
LOAD d:/program files/stm32cubeide_1.10.1/stm32cubeide/plugins/com.st.stm32cube.ide.mcu.externaltools.gnu-tools-for-stm32.10.3-2021.10.win32_1.0.0.202111181127/tools/bin/../lib/gcc/arm-none-eabi/10.3.1/thumb/v6-m/nofp/crtbegin.o
LOAD d:/program files/stm32cubeide_1.10.1/stm32cubeide/plugins/com.st.stm32cube.ide.mcu.externaltools.gnu-tools-for-stm32.10.3-2021.10.win32_1.0.0.202111181127/tools/bin/../lib/gcc/arm-none-eabi/10.3.1/../../../../arm-none-eabi/lib/thumb/v6-m/nofp/crt0.o
LOAD ./Core/Src/main.o
LOAD ./Core/Src/stm32f0xx_hal_msp.o
LOAD ./Core/Src/stm32f0xx_it.o
LOAD ./Core/Src/syscalls.o
LOAD ./Core/Src/sysmem.o
LOAD ./Core/Src/system_stm32f0xx.o
LOAD ./Core/Startup/startup_stm32f051r8tx.o
LOAD ./Drivers/STM32F0xx_HAL_Driver/Src/stm32f0xx_hal.o
LOAD ./Drivers/STM32F0xx_HAL_Driver/Src/stm32f0xx_hal_cortex.o
LOAD ./Drivers/STM32F0xx_HAL_Driver/Src/stm32f0xx_hal_dma.o
LOAD ./Drivers/STM32F0xx_HAL_Driver/Src/stm32f0xx_hal_exti.o
LOAD ./Drivers/STM32F0xx_HAL_Driver/Src/stm32f0xx_hal_flash.o
LOAD ./Drivers/STM32F0xx_HAL_Driver/Src/stm32f0xx_hal_flash_ex.o
LOAD ./Drivers/STM32F0xx_HAL_Driver/Src/stm32f0xx_hal_gpio.o
LOAD ./Drivers/STM32F0xx_HAL_Driver/Src/stm32f0xx_hal_i2c.o
LOAD ./Drivers/STM32F0xx_HAL_Driver/Src/stm32f0xx_hal_i2c_ex.o
LOAD ./Drivers/STM32F0xx_HAL_Driver/Src/stm32f0xx_hal_pwr.o
LOAD ./Drivers/STM32F0xx_HAL_Driver/Src/stm32f0xx_hal_pwr_ex.o
LOAD ./Drivers/STM32F0xx_HAL_Driver/Src/stm32f0xx_hal_rcc.o
LOAD ./Drivers/STM32F0xx_HAL_Driver/Src/stm32f0xx_hal_rcc_ex.o
LOAD ./Drivers/STM32F0xx_HAL_Driver/Src/stm32f0xx_hal_tim.o
LOAD ./Drivers/STM32F0xx_HAL_Driver/Src/stm32f0xx_hal_tim_ex.o
LOAD ./Drivers/STM32F0xx_HAL_Driver/Src/stm32f0xx_hal_uart.o
LOAD ./Drivers/STM32F0xx_HAL_Driver/Src/stm32f0xx_hal_uart_ex.o
START GROUP
LOAD d:/program files/stm32cubeide_1.10.1/stm32cubeide/plugins/com.st.stm32cube.ide.mcu.externaltools.gnu-tools-for-stm32.10.3-2021.10.win32_1.0.0.202111181127/tools/bin/../lib/gcc/arm-none-eabi/10.3.1/../../../../arm-none-eabi/lib/thumb/v6-m/nofp\libc_nano.a
LOAD d:/program files/stm32cubeide_1.10.1/stm32cubeide/plugins/com.st.stm32cube.ide.mcu.externaltools.gnu-tools-for-stm32.10.3-2021.10.win32_1.0.0.202111181127/tools/bin/../lib/gcc/arm-none-eabi/10.3.1/../../../../arm-none-eabi/lib/thumb/v6-m/nofp\libm.a
END GROUP
START GROUP
LOAD d:/program files/stm32cubeide_1.10.1/stm32cubeide/plugins/com.st.stm32cube.ide.mcu.externaltools.gnu-tools-for-stm32.10.3-2021.10.win32_1.0.0.202111181127/tools/bin/../lib/gcc/arm-none-eabi/10.3.1/thumb/v6-m/nofp\libgcc.a
LOAD d:/program files/stm32cubeide_1.10.1/stm32cubeide/plugins/com.st.stm32cube.ide.mcu.externaltools.gnu-tools-for-stm32.10.3-2021.10.win32_1.0.0.202111181127/tools/bin/../lib/gcc/arm-none-eabi/10.3.1/../../../../arm-none-eabi/lib/thumb/v6-m/nofp\libc_nano.a
END GROUP
START GROUP
LOAD d:/program files/stm32cubeide_1.10.1/stm32cubeide/plugins/com.st.stm32cube.ide.mcu.externaltools.gnu-tools-for-stm32.10.3-2021.10.win32_1.0.0.202111181127/tools/bin/../lib/gcc/arm-none-eabi/10.3.1/thumb/v6-m/nofp\libgcc.a
LOAD d:/program files/stm32cubeide_1.10.1/stm32cubeide/plugins/com.st.stm32cube.ide.mcu.externaltools.gnu-tools-for-stm32.10.3-2021.10.win32_1.0.0.202111181127/tools/bin/../lib/gcc/arm-none-eabi/10.3.1/../../../../arm-none-eabi/lib/thumb/v6-m/nofp\libc_nano.a
LOAD d:/program files/stm32cubeide_1.10.1/stm32cubeide/plugins/com.st.stm32cube.ide.mcu.externaltools.gnu-tools-for-stm32.10.3-2021.10.win32_1.0.0.202111181127/tools/bin/../lib/gcc/arm-none-eabi/10.3.1/../../../../arm-none-eabi/lib/thumb/v6-m/nofp\libnosys.a
END GROUP
START GROUP
LOAD d:/program files/stm32cubeide_1.10.1/stm32cubeide/plugins/com.st.stm32cube.ide.mcu.externaltools.gnu-tools-for-stm32.10.3-2021.10.win32_1.0.0.202111181127/tools/bin/../lib/gcc/arm-none-eabi/10.3.1/thumb/v6-m/nofp\libgcc.a
LOAD d:/program files/stm32cubeide_1.10.1/stm32cubeide/plugins/com.st.stm32cube.ide.mcu.externaltools.gnu-tools-for-stm32.10.3-2021.10.win32_1.0.0.202111181127/tools/bin/../lib/gcc/arm-none-eabi/10.3.1/../../../../arm-none-eabi/lib/thumb/v6-m/nofp\libc_nano.a
LOAD d:/program files/stm32cubeide_1.10.1/stm32cubeide/plugins/com.st.stm32cube.ide.mcu.externaltools.gnu-tools-for-stm32.10.3-2021.10.win32_1.0.0.202111181127/tools/bin/../lib/gcc/arm-none-eabi/10.3.1/../../../../arm-none-eabi/lib/thumb/v6-m/nofp\libnosys.a
END GROUP
LOAD d:/program files/stm32cubeide_1.10.1/stm32cubeide/plugins/com.st.stm32cube.ide.mcu.externaltools.gnu-tools-for-stm32.10.3-2021.10.win32_1.0.0.202111181127/tools/bin/../lib/gcc/arm-none-eabi/10.3.1/thumb/v6-m/nofp/crtend.o
LOAD d:/program files/stm32cubeide_1.10.1/stm32cubeide/plugins/com.st.stm32cube.ide.mcu.externaltools.gnu-tools-for-stm32.10.3-2021.10.win32_1.0.0.202111181127/tools/bin/../lib/gcc/arm-none-eabi/10.3.1/thumb/v6-m/nofp/crtn.o
                0x0000000020002000                _estack = (ORIGIN (RAM) + LENGTH (RAM))
                0x0000000000000200                _Min_Heap_Size = 0x200
                0x0000000000000400                _Min_Stack_Size = 0x400

.isr_vector     0x0000000008000000       0xc0
                0x0000000008000000                . = ALIGN (0x4)
 *(.isr_vector)
 .isr_vector    0x0000000008000000       0xc0 ./Core/Startup/startup_stm32f051r8tx.o
                0x0000000008000000                g_pfnVectors
                0x00000000080000c0                . = ALIGN (0x4)

.text           0x00000000080000c0     0x3bf8
                0x00000000080000c0                . = ALIGN (0x4)
 *(.text)
 .text          0x00000000080000c0       0x48 d:/program files/stm32cubeide_1.10.1/stm32cubeide/plugins/com.st.stm32cube.ide.mcu.externaltools.gnu-tools-for-stm32.10.3-2021.10.win32_1.0.0.202111181127/tools/bin/../lib/gcc/arm-none-eabi/10.3.1/thumb/v6-m/nofp/crtbegin.o
 .text          0x0000000008000108      0x114 d:/program files/stm32cubeide_1.10.1/stm32cubeide/plugins/com.st.stm32cube.ide.mcu.externaltools.gnu-tools-for-stm32.10.3-2021.10.win32_1.0.0.202111181127/tools/bin/../lib/gcc/arm-none-eabi/10.3.1/thumb/v6-m/nofp\libgcc.a(_udivsi3.o)
                0x0000000008000108                __aeabi_uidiv
                0x0000000008000108                __udivsi3
                0x0000000008000214                __aeabi_uidivmod
 .text          0x000000000800021c        0x4 d:/program files/stm32cubeide_1.10.1/stm32cubeide/plugins/com.st.stm32cube.ide.mcu.externaltools.gnu-tools-for-stm32.10.3-2021.10.win32_1.0.0.202111181127/tools/bin/../lib/gcc/arm-none-eabi/10.3.1/thumb/v6-m/nofp\libgcc.a(_dvmd_tls.o)
                0x000000000800021c                __aeabi_idiv0
                0x000000000800021c                __aeabi_ldiv0
 .text          0x0000000008000220       0x3c d:/program files/stm32cubeide_1.10.1/stm32cubeide/plugins/com.st.stm32cube.ide.mcu.externaltools.gnu-tools-for-stm32.10.3-2021.10.win32_1.0.0.202111181127/tools/bin/../lib/gcc/arm-none-eabi/10.3.1/thumb/v6-m/nofp\libgcc.a(_fixunsdfsi.o)
                0x0000000008000220                __aeabi_d2uiz
                0x0000000008000220                __fixunsdfsi
 .text          0x000000000800025c      0x4d8 d:/program files/stm32cubeide_1.10.1/stm32cubeide/plugins/com.st.stm32cube.ide.mcu.externaltools.gnu-tools-for-stm32.10.3-2021.10.win32_1.0.0.202111181127/tools/bin/../lib/gcc/arm-none-eabi/10.3.1/thumb/v6-m/nofp\libgcc.a(muldf3.o)
                0x000000000800025c                __aeabi_dmul
 .text          0x0000000008000734      0x724 d:/program files/stm32cubeide_1.10.1/stm32cubeide/plugins/com.st.stm32cube.ide.mcu.externaltools.gnu-tools-for-stm32.10.3-2021.10.win32_1.0.0.202111181127/tools/bin/../lib/gcc/arm-none-eabi/10.3.1/thumb/v6-m/nofp\libgcc.a(subdf3.o)
                0x0000000008000734                __aeabi_dsub
 .text          0x0000000008000e58       0x6c d:/program files/stm32cubeide_1.10.1/stm32cubeide/plugins/com.st.stm32cube.ide.mcu.externaltools.gnu-tools-for-stm32.10.3-2021.10.win32_1.0.0.202111181127/tools/bin/../lib/gcc/arm-none-eabi/10.3.1/thumb/v6-m/nofp\libgcc.a(fixdfsi.o)
                0x0000000008000e58                __aeabi_d2iz
 .text          0x0000000008000ec4       0x4c d:/program files/stm32cubeide_1.10.1/stm32cubeide/plugins/com.st.stm32cube.ide.mcu.externaltools.gnu-tools-for-stm32.10.3-2021.10.win32_1.0.0.202111181127/tools/bin/../lib/gcc/arm-none-eabi/10.3.1/thumb/v6-m/nofp\libgcc.a(floatunsidf.o)
                0x0000000008000ec4                __aeabi_ui2d
 .text          0x0000000008000f10       0x7c d:/program files/stm32cubeide_1.10.1/stm32cubeide/plugins/com.st.stm32cube.ide.mcu.externaltools.gnu-tools-for-stm32.10.3-2021.10.win32_1.0.0.202111181127/tools/bin/../lib/gcc/arm-none-eabi/10.3.1/thumb/v6-m/nofp\libgcc.a(_arm_cmpdf2.o)
                0x0000000008000f10                __aeabi_cdrcmple
                0x0000000008000f20                __aeabi_cdcmple
                0x0000000008000f20                __aeabi_cdcmpeq
                0x0000000008000f30                __aeabi_dcmpeq
                0x0000000008000f3c                __aeabi_dcmplt
                0x0000000008000f50                __aeabi_dcmple
                0x0000000008000f64                __aeabi_dcmpgt
                0x0000000008000f78                __aeabi_dcmpge
 .text          0x0000000008000f8c       0x3c d:/program files/stm32cubeide_1.10.1/stm32cubeide/plugins/com.st.stm32cube.ide.mcu.externaltools.gnu-tools-for-stm32.10.3-2021.10.win32_1.0.0.202111181127/tools/bin/../lib/gcc/arm-none-eabi/10.3.1/thumb/v6-m/nofp\libgcc.a(_clzsi2.o)
                0x0000000008000f8c                __clzsi2
 .text          0x0000000008000fc8       0x84 d:/program files/stm32cubeide_1.10.1/stm32cubeide/plugins/com.st.stm32cube.ide.mcu.externaltools.gnu-tools-for-stm32.10.3-2021.10.win32_1.0.0.202111181127/tools/bin/../lib/gcc/arm-none-eabi/10.3.1/thumb/v6-m/nofp\libgcc.a(eqdf2.o)
                0x0000000008000fc8                __nedf2
                0x0000000008000fc8                __eqdf2
 .text          0x000000000800104c       0xcc d:/program files/stm32cubeide_1.10.1/stm32cubeide/plugins/com.st.stm32cube.ide.mcu.externaltools.gnu-tools-for-stm32.10.3-2021.10.win32_1.0.0.202111181127/tools/bin/../lib/gcc/arm-none-eabi/10.3.1/thumb/v6-m/nofp\libgcc.a(gedf2.o)
                0x000000000800104c                __gedf2
                0x000000000800104c                __gtdf2
 .text          0x0000000008001118       0xc8 d:/program files/stm32cubeide_1.10.1/stm32cubeide/plugins/com.st.stm32cube.ide.mcu.externaltools.gnu-tools-for-stm32.10.3-2021.10.win32_1.0.0.202111181127/tools/bin/../lib/gcc/arm-none-eabi/10.3.1/thumb/v6-m/nofp\libgcc.a(ledf2.o)
                0x0000000008001118                __ledf2
                0x0000000008001118                __ltdf2
 *(.text*)
 .text.main     0x00000000080011e0       0x28 ./Core/Src/main.o
                0x00000000080011e0                main
 .text.SystemClock_Config
                0x0000000008001208       0x94 ./Core/Src/main.o
                0x0000000008001208                SystemClock_Config
 .text.MX_USART2_UART_Init
                0x000000000800129c       0x60 ./Core/Src/main.o
 .text.MX_DMA_Init
                0x00000000080012fc       0x3c ./Core/Src/main.o
 .text.MX_GPIO_Init
                0x0000000008001338      0x104 ./Core/Src/main.o
 .text.EXTI0_1_IRQHandler
                0x000000000800143c       0x3c ./Core/Src/main.o
                0x000000000800143c                EXTI0_1_IRQHandler
 .text.LOT_Receive
                0x0000000008001478       0xfc ./Core/Src/main.o
                0x0000000008001478                LOT_Receive
 .text.ReceiveCheckPoint
                0x0000000008001574      0x12c ./Core/Src/main.o
                0x0000000008001574                ReceiveCheckPoint
 .text.ReceiveSample
                0x00000000080016a0      0x15c ./Core/Src/main.o
                0x00000000080016a0                ReceiveSample
 .text.bitsToDec
                0x00000000080017fc       0x50 ./Core/Src/main.o
                0x00000000080017fc                bitsToDec
 .text.Error_Handler
                0x000000000800184c        0xa ./Core/Src/main.o
                0x000000000800184c                Error_Handler
 *fill*         0x0000000008001856        0x2 
 .text.HAL_MspInit
                0x0000000008001858       0x48 ./Core/Src/stm32f0xx_hal_msp.o
                0x0000000008001858                HAL_MspInit
 .text.HAL_UART_MspInit
                0x00000000080018a0      0x154 ./Core/Src/stm32f0xx_hal_msp.o
                0x00000000080018a0                HAL_UART_MspInit
 .text.NMI_Handler
                0x00000000080019f4        0x6 ./Core/Src/stm32f0xx_it.o
                0x00000000080019f4                NMI_Handler
 .text.HardFault_Handler
                0x00000000080019fa        0x6 ./Core/Src/stm32f0xx_it.o
                0x00000000080019fa                HardFault_Handler
 .text.SVC_Handler
                0x0000000008001a00        0xa ./Core/Src/stm32f0xx_it.o
                0x0000000008001a00                SVC_Handler
 .text.PendSV_Handler
                0x0000000008001a0a        0xa ./Core/Src/stm32f0xx_it.o
                0x0000000008001a0a                PendSV_Handler
 .text.SysTick_Handler
                0x0000000008001a14        0xe ./Core/Src/stm32f0xx_it.o
                0x0000000008001a14                SysTick_Handler
 *fill*         0x0000000008001a22        0x2 
 .text.DMA1_Channel4_5_IRQHandler
                0x0000000008001a24       0x24 ./Core/Src/stm32f0xx_it.o
                0x0000000008001a24                DMA1_Channel4_5_IRQHandler
 .text.USART2_IRQHandler
                0x0000000008001a48       0x18 ./Core/Src/stm32f0xx_it.o
                0x0000000008001a48                USART2_IRQHandler
 .text.SystemInit
                0x0000000008001a60        0xa ./Core/Src/system_stm32f0xx.o
                0x0000000008001a60                SystemInit
 *fill*         0x0000000008001a6a        0x2 
 .text.Reset_Handler
                0x0000000008001a6c       0x50 ./Core/Startup/startup_stm32f051r8tx.o
                0x0000000008001a6c                Reset_Handler
 .text.Default_Handler
                0x0000000008001abc        0x2 ./Core/Startup/startup_stm32f051r8tx.o
                0x0000000008001abc                TIM1_CC_IRQHandler
                0x0000000008001abc                TSC_IRQHandler
                0x0000000008001abc                ADC1_COMP_IRQHandler
                0x0000000008001abc                PVD_IRQHandler
                0x0000000008001abc                I2C1_IRQHandler
                0x0000000008001abc                RCC_CRS_IRQHandler
                0x0000000008001abc                SPI1_IRQHandler
                0x0000000008001abc                TIM6_DAC_IRQHandler
                0x0000000008001abc                EXTI2_3_IRQHandler
                0x0000000008001abc                I2C2_IRQHandler
                0x0000000008001abc                TIM17_IRQHandler
                0x0000000008001abc                CEC_CAN_IRQHandler
                0x0000000008001abc                RTC_IRQHandler
                0x0000000008001abc                TIM16_IRQHandler
                0x0000000008001abc                TIM3_IRQHandler
                0x0000000008001abc                EXTI4_15_IRQHandler
                0x0000000008001abc                DMA1_Channel1_IRQHandler
                0x0000000008001abc                Default_Handler
                0x0000000008001abc                TIM14_IRQHandler
                0x0000000008001abc                TIM15_IRQHandler
                0x0000000008001abc                SPI2_IRQHandler
                0x0000000008001abc                WWDG_IRQHandler
                0x0000000008001abc                TIM2_IRQHandler
                0x0000000008001abc                DMA1_Channel2_3_IRQHandler
                0x0000000008001abc                FLASH_IRQHandler
                0x0000000008001abc                USART1_IRQHandler
                0x0000000008001abc                TIM1_BRK_UP_TRG_COM_IRQHandler
 *fill*         0x0000000008001abe        0x2 
 .text.HAL_Init
                0x0000000008001ac0       0x28 ./Drivers/STM32F0xx_HAL_Driver/Src/stm32f0xx_hal.o
                0x0000000008001ac0                HAL_Init
 .text.HAL_InitTick
                0x0000000008001ae8       0x68 ./Drivers/STM32F0xx_HAL_Driver/Src/stm32f0xx_hal.o
                0x0000000008001ae8                HAL_InitTick
 .text.HAL_IncTick
                0x0000000008001b50       0x24 ./Drivers/STM32F0xx_HAL_Driver/Src/stm32f0xx_hal.o
                0x0000000008001b50                HAL_IncTick
 .text.HAL_GetTick
                0x0000000008001b74       0x14 ./Drivers/STM32F0xx_HAL_Driver/Src/stm32f0xx_hal.o
                0x0000000008001b74                HAL_GetTick
 .text.HAL_Delay
                0x0000000008001b88       0x48 ./Drivers/STM32F0xx_HAL_Driver/Src/stm32f0xx_hal.o
                0x0000000008001b88                HAL_Delay
 .text.__NVIC_EnableIRQ
                0x0000000008001bd0       0x34 ./Drivers/STM32F0xx_HAL_Driver/Src/stm32f0xx_hal_cortex.o
 .text.__NVIC_SetPriority
                0x0000000008001c04       0xdc ./Drivers/STM32F0xx_HAL_Driver/Src/stm32f0xx_hal_cortex.o
 .text.SysTick_Config
                0x0000000008001ce0       0x48 ./Drivers/STM32F0xx_HAL_Driver/Src/stm32f0xx_hal_cortex.o
 .text.HAL_NVIC_SetPriority
                0x0000000008001d28       0x2a ./Drivers/STM32F0xx_HAL_Driver/Src/stm32f0xx_hal_cortex.o
                0x0000000008001d28                HAL_NVIC_SetPriority
 .text.HAL_NVIC_EnableIRQ
                0x0000000008001d52       0x20 ./Drivers/STM32F0xx_HAL_Driver/Src/stm32f0xx_hal_cortex.o
                0x0000000008001d52                HAL_NVIC_EnableIRQ
 .text.HAL_SYSTICK_Config
                0x0000000008001d72       0x1a ./Drivers/STM32F0xx_HAL_Driver/Src/stm32f0xx_hal_cortex.o
                0x0000000008001d72                HAL_SYSTICK_Config
 .text.HAL_DMA_Init
                0x0000000008001d8c       0x90 ./Drivers/STM32F0xx_HAL_Driver/Src/stm32f0xx_hal_dma.o
                0x0000000008001d8c                HAL_DMA_Init
 .text.HAL_DMA_Abort
                0x0000000008001e1c       0x70 ./Drivers/STM32F0xx_HAL_Driver/Src/stm32f0xx_hal_dma.o
                0x0000000008001e1c                HAL_DMA_Abort
 .text.HAL_DMA_Abort_IT
                0x0000000008001e8c       0x8a ./Drivers/STM32F0xx_HAL_Driver/Src/stm32f0xx_hal_dma.o
                0x0000000008001e8c                HAL_DMA_Abort_IT
 .text.HAL_DMA_IRQHandler
                0x0000000008001f16      0x144 ./Drivers/STM32F0xx_HAL_Driver/Src/stm32f0xx_hal_dma.o
                0x0000000008001f16                HAL_DMA_IRQHandler
 *fill*         0x000000000800205a        0x2 
 .text.DMA_CalcBaseAndBitshift
                0x000000000800205c       0x38 ./Drivers/STM32F0xx_HAL_Driver/Src/stm32f0xx_hal_dma.o
 .text.HAL_GPIO_Init
                0x0000000008002094      0x2e0 ./Drivers/STM32F0xx_HAL_Driver/Src/stm32f0xx_hal_gpio.o
                0x0000000008002094                HAL_GPIO_Init
 .text.HAL_GPIO_ReadPin
                0x0000000008002374       0x3a ./Drivers/STM32F0xx_HAL_Driver/Src/stm32f0xx_hal_gpio.o
                0x0000000008002374                HAL_GPIO_ReadPin
 .text.HAL_GPIO_WritePin
                0x00000000080023ae       0x3a ./Drivers/STM32F0xx_HAL_Driver/Src/stm32f0xx_hal_gpio.o
                0x00000000080023ae                HAL_GPIO_WritePin
 .text.HAL_GPIO_EXTI_IRQHandler
                0x00000000080023e8       0x38 ./Drivers/STM32F0xx_HAL_Driver/Src/stm32f0xx_hal_gpio.o
                0x00000000080023e8                HAL_GPIO_EXTI_IRQHandler
 .text.HAL_GPIO_EXTI_Callback
                0x0000000008002420       0x14 ./Drivers/STM32F0xx_HAL_Driver/Src/stm32f0xx_hal_gpio.o
                0x0000000008002420                HAL_GPIO_EXTI_Callback
 .text.HAL_RCC_OscConfig
                0x0000000008002434      0x634 ./Drivers/STM32F0xx_HAL_Driver/Src/stm32f0xx_hal_rcc.o
                0x0000000008002434                HAL_RCC_OscConfig
 .text.HAL_RCC_ClockConfig
                0x0000000008002a68      0x19c ./Drivers/STM32F0xx_HAL_Driver/Src/stm32f0xx_hal_rcc.o
                0x0000000008002a68                HAL_RCC_ClockConfig
 .text.HAL_RCC_GetSysClockFreq
                0x0000000008002c04       0xc8 ./Drivers/STM32F0xx_HAL_Driver/Src/stm32f0xx_hal_rcc.o
                0x0000000008002c04                HAL_RCC_GetSysClockFreq
 .text.HAL_RCC_GetHCLKFreq
                0x0000000008002ccc       0x14 ./Drivers/STM32F0xx_HAL_Driver/Src/stm32f0xx_hal_rcc.o
                0x0000000008002ccc                HAL_RCC_GetHCLKFreq
 .text.HAL_RCC_GetPCLK1Freq
                0x0000000008002ce0       0x2c ./Drivers/STM32F0xx_HAL_Driver/Src/stm32f0xx_hal_rcc.o
                0x0000000008002ce0                HAL_RCC_GetPCLK1Freq
 .text.HAL_UART_Init
                0x0000000008002d0c       0xa8 ./Drivers/STM32F0xx_HAL_Driver/Src/stm32f0xx_hal_uart.o
                0x0000000008002d0c                HAL_UART_Init
 .text.HAL_UART_Transmit
                0x0000000008002db4      0x152 ./Drivers/STM32F0xx_HAL_Driver/Src/stm32f0xx_hal_uart.o
                0x0000000008002db4                HAL_UART_Transmit
 *fill*         0x0000000008002f06        0x2 
 .text.HAL_UART_IRQHandler
                0x0000000008002f08      0x5b0 ./Drivers/STM32F0xx_HAL_Driver/Src/stm32f0xx_hal_uart.o
                0x0000000008002f08                HAL_UART_IRQHandler
 .text.HAL_UART_TxCpltCallback
                0x00000000080034b8       0x10 ./Drivers/STM32F0xx_HAL_Driver/Src/stm32f0xx_hal_uart.o
                0x00000000080034b8                HAL_UART_TxCpltCallback
 .text.HAL_UART_ErrorCallback
                0x00000000080034c8       0x10 ./Drivers/STM32F0xx_HAL_Driver/Src/stm32f0xx_hal_uart.o
                0x00000000080034c8                HAL_UART_ErrorCallback
 .text.HAL_UARTEx_RxEventCallback
                0x00000000080034d8       0x16 ./Drivers/STM32F0xx_HAL_Driver/Src/stm32f0xx_hal_uart.o
                0x00000000080034d8                HAL_UARTEx_RxEventCallback
 *fill*         0x00000000080034ee        0x2 
 .text.UART_SetConfig
                0x00000000080034f0      0x280 ./Drivers/STM32F0xx_HAL_Driver/Src/stm32f0xx_hal_uart.o
                0x00000000080034f0                UART_SetConfig
 .text.UART_AdvFeatureConfig
                0x0000000008003770      0x168 ./Drivers/STM32F0xx_HAL_Driver/Src/stm32f0xx_hal_uart.o
                0x0000000008003770                UART_AdvFeatureConfig
 .text.UART_CheckIdleState
                0x00000000080038d8       0x90 ./Drivers/STM32F0xx_HAL_Driver/Src/stm32f0xx_hal_uart.o
                0x00000000080038d8                UART_CheckIdleState
 .text.UART_WaitOnFlagUntilTimeout
                0x0000000008003968      0x188 ./Drivers/STM32F0xx_HAL_Driver/Src/stm32f0xx_hal_uart.o
                0x0000000008003968                UART_WaitOnFlagUntilTimeout
 .text.UART_EndRxTransfer
                0x0000000008003af0       0xc4 ./Drivers/STM32F0xx_HAL_Driver/Src/stm32f0xx_hal_uart.o
 .text.UART_DMAAbortOnError
                0x0000000008003bb4       0x2e ./Drivers/STM32F0xx_HAL_Driver/Src/stm32f0xx_hal_uart.o
 .text.UART_EndTransmit_IT
                0x0000000008003be2       0x56 ./Drivers/STM32F0xx_HAL_Driver/Src/stm32f0xx_hal_uart.o
 .text.HAL_UARTEx_WakeupCallback
                0x0000000008003c38       0x10 ./Drivers/STM32F0xx_HAL_Driver/Src/stm32f0xx_hal_uart_ex.o
                0x0000000008003c38                HAL_UARTEx_WakeupCallback
 .text.__libc_init_array
                0x0000000008003c48       0x48 d:/program files/stm32cubeide_1.10.1/stm32cubeide/plugins/com.st.stm32cube.ide.mcu.externaltools.gnu-tools-for-stm32.10.3-2021.10.win32_1.0.0.202111181127/tools/bin/../lib/gcc/arm-none-eabi/10.3.1/../../../../arm-none-eabi/lib/thumb/v6-m/nofp\libc_nano.a(lib_a-init.o)
                0x0000000008003c48                __libc_init_array
 .text.memset   0x0000000008003c90       0x10 d:/program files/stm32cubeide_1.10.1/stm32cubeide/plugins/com.st.stm32cube.ide.mcu.externaltools.gnu-tools-for-stm32.10.3-2021.10.win32_1.0.0.202111181127/tools/bin/../lib/gcc/arm-none-eabi/10.3.1/../../../../arm-none-eabi/lib/thumb/v6-m/nofp\libc_nano.a(lib_a-memset.o)
                0x0000000008003c90                memset
 *(.glue_7)
 .glue_7        0x0000000008003ca0        0x0 linker stubs
 *(.glue_7t)
 .glue_7t       0x0000000008003ca0        0x0 linker stubs
 *(.eh_frame)
 .eh_frame      0x0000000008003ca0        0x0 d:/program files/stm32cubeide_1.10.1/stm32cubeide/plugins/com.st.stm32cube.ide.mcu.externaltools.gnu-tools-for-stm32.10.3-2021.10.win32_1.0.0.202111181127/tools/bin/../lib/gcc/arm-none-eabi/10.3.1/thumb/v6-m/nofp/crtbegin.o
 *(.init)
 .init          0x0000000008003ca0        0x4 d:/program files/stm32cubeide_1.10.1/stm32cubeide/plugins/com.st.stm32cube.ide.mcu.externaltools.gnu-tools-for-stm32.10.3-2021.10.win32_1.0.0.202111181127/tools/bin/../lib/gcc/arm-none-eabi/10.3.1/thumb/v6-m/nofp/crti.o
                0x0000000008003ca0                _init
 .init          0x0000000008003ca4        0x8 d:/program files/stm32cubeide_1.10.1/stm32cubeide/plugins/com.st.stm32cube.ide.mcu.externaltools.gnu-tools-for-stm32.10.3-2021.10.win32_1.0.0.202111181127/tools/bin/../lib/gcc/arm-none-eabi/10.3.1/thumb/v6-m/nofp/crtn.o
 *(.fini)
 .fini          0x0000000008003cac        0x4 d:/program files/stm32cubeide_1.10.1/stm32cubeide/plugins/com.st.stm32cube.ide.mcu.externaltools.gnu-tools-for-stm32.10.3-2021.10.win32_1.0.0.202111181127/tools/bin/../lib/gcc/arm-none-eabi/10.3.1/thumb/v6-m/nofp/crti.o
                0x0000000008003cac                _fini
 .fini          0x0000000008003cb0        0x8 d:/program files/stm32cubeide_1.10.1/stm32cubeide/plugins/com.st.stm32cube.ide.mcu.externaltools.gnu-tools-for-stm32.10.3-2021.10.win32_1.0.0.202111181127/tools/bin/../lib/gcc/arm-none-eabi/10.3.1/thumb/v6-m/nofp/crtn.o
                0x0000000008003cb8                . = ALIGN (0x4)
                0x0000000008003cb8                _etext = .

.vfp11_veneer   0x0000000008003cb8        0x0
 .vfp11_veneer  0x0000000008003cb8        0x0 linker stubs

.v4_bx          0x0000000008003cb8        0x0
 .v4_bx         0x0000000008003cb8        0x0 linker stubs

.iplt           0x0000000008003cb8        0x0
 .iplt          0x0000000008003cb8        0x0 d:/program files/stm32cubeide_1.10.1/stm32cubeide/plugins/com.st.stm32cube.ide.mcu.externaltools.gnu-tools-for-stm32.10.3-2021.10.win32_1.0.0.202111181127/tools/bin/../lib/gcc/arm-none-eabi/10.3.1/thumb/v6-m/nofp/crtbegin.o

.rodata         0x0000000008003cb8       0xa4
                0x0000000008003cb8                . = ALIGN (0x4)
 *(.rodata)
 .rodata        0x0000000008003cb8       0x2a ./Core/Src/main.o
 *fill*         0x0000000008003ce2        0x2 
 .rodata        0x0000000008003ce4       0x20 ./Drivers/STM32F0xx_HAL_Driver/Src/stm32f0xx_hal_rcc.o
 .rodata        0x0000000008003d04       0x40 d:/program files/stm32cubeide_1.10.1/stm32cubeide/plugins/com.st.stm32cube.ide.mcu.externaltools.gnu-tools-for-stm32.10.3-2021.10.win32_1.0.0.202111181127/tools/bin/../lib/gcc/arm-none-eabi/10.3.1/thumb/v6-m/nofp\libgcc.a(muldf3.o)
 *(.rodata*)
 .rodata.AHBPrescTable
                0x0000000008003d44       0x10 ./Core/Src/system_stm32f0xx.o
                0x0000000008003d44                AHBPrescTable
 .rodata.APBPrescTable
                0x0000000008003d54        0x8 ./Core/Src/system_stm32f0xx.o
                0x0000000008003d54                APBPrescTable
                0x0000000008003d5c                . = ALIGN (0x4)

.rel.dyn        0x0000000008003d5c        0x0
 .rel.iplt      0x0000000008003d5c        0x0 d:/program files/stm32cubeide_1.10.1/stm32cubeide/plugins/com.st.stm32cube.ide.mcu.externaltools.gnu-tools-for-stm32.10.3-2021.10.win32_1.0.0.202111181127/tools/bin/../lib/gcc/arm-none-eabi/10.3.1/thumb/v6-m/nofp/crtbegin.o

.ARM.extab      0x0000000008003d5c        0x0
                0x0000000008003d5c                . = ALIGN (0x4)
 *(.ARM.extab* .gnu.linkonce.armextab.*)
                0x0000000008003d5c                . = ALIGN (0x4)

.ARM            0x0000000008003d5c        0x0
                0x0000000008003d5c                . = ALIGN (0x4)
                0x0000000008003d5c                __exidx_start = .
 *(.ARM.exidx*)
                0x0000000008003d5c                __exidx_end = .
                0x0000000008003d5c                . = ALIGN (0x4)

.preinit_array  0x0000000008003d5c        0x0
                0x0000000008003d5c                . = ALIGN (0x4)
                0x0000000008003d5c                PROVIDE (__preinit_array_start = .)
 *(.preinit_array*)
                0x0000000008003d5c                PROVIDE (__preinit_array_end = .)
                0x0000000008003d5c                . = ALIGN (0x4)

.init_array     0x0000000008003d5c        0x4
                0x0000000008003d5c                . = ALIGN (0x4)
                0x0000000008003d5c                PROVIDE (__init_array_start = .)
 *(SORT_BY_NAME(.init_array.*))
 *(.init_array*)
 .init_array    0x0000000008003d5c        0x4 d:/program files/stm32cubeide_1.10.1/stm32cubeide/plugins/com.st.stm32cube.ide.mcu.externaltools.gnu-tools-for-stm32.10.3-2021.10.win32_1.0.0.202111181127/tools/bin/../lib/gcc/arm-none-eabi/10.3.1/thumb/v6-m/nofp/crtbegin.o
                0x0000000008003d60                PROVIDE (__init_array_end = .)
                0x0000000008003d60                . = ALIGN (0x4)

.fini_array     0x0000000008003d60        0x4
                0x0000000008003d60                . = ALIGN (0x4)
                [!provide]                        PROVIDE (__fini_array_start = .)
 *(SORT_BY_NAME(.fini_array.*))
 *(.fini_array*)
 .fini_array    0x0000000008003d60        0x4 d:/program files/stm32cubeide_1.10.1/stm32cubeide/plugins/com.st.stm32cube.ide.mcu.externaltools.gnu-tools-for-stm32.10.3-2021.10.win32_1.0.0.202111181127/tools/bin/../lib/gcc/arm-none-eabi/10.3.1/thumb/v6-m/nofp/crtbegin.o
                [!provide]                        PROVIDE (__fini_array_end = .)
                0x0000000008003d64                . = ALIGN (0x4)
                0x0000000008003d64                _sidata = LOADADDR (.data)

.data           0x0000000020000000       0x10 load address 0x0000000008003d64
                0x0000000020000000                . = ALIGN (0x4)
                0x0000000020000000                _sdata = .
 *(.data)
 *(.data*)
 .data.delayTime
                0x0000000020000000        0x4 ./Core/Src/main.o
                0x0000000020000000                delayTime
 .data.SystemCoreClock
                0x0000000020000004        0x4 ./Core/Src/system_stm32f0xx.o
                0x0000000020000004                SystemCoreClock
 .data.uwTickPrio
                0x0000000020000008        0x4 ./Drivers/STM32F0xx_HAL_Driver/Src/stm32f0xx_hal.o
                0x0000000020000008                uwTickPrio
 .data.uwTickFreq
                0x000000002000000c        0x1 ./Drivers/STM32F0xx_HAL_Driver/Src/stm32f0xx_hal.o
                0x000000002000000c                uwTickFreq
 *(.RamFunc)
 *(.RamFunc*)
                0x0000000020000010                . = ALIGN (0x4)
 *fill*         0x000000002000000d        0x3 
                0x0000000020000010                _edata = .

.igot.plt       0x0000000020000010        0x0 load address 0x0000000008003d74
 .igot.plt      0x0000000020000010        0x0 d:/program files/stm32cubeide_1.10.1/stm32cubeide/plugins/com.st.stm32cube.ide.mcu.externaltools.gnu-tools-for-stm32.10.3-2021.10.win32_1.0.0.202111181127/tools/bin/../lib/gcc/arm-none-eabi/10.3.1/thumb/v6-m/nofp/crtbegin.o
                0x0000000020000010                . = ALIGN (0x4)

.bss            0x0000000020000010      0x164 load address 0x0000000008003d74
                0x0000000020000010                _sbss = .
                0x0000000020000010                __bss_start__ = _sbss
 *(.bss)
 .bss           0x0000000020000010       0x1c d:/program files/stm32cubeide_1.10.1/stm32cubeide/plugins/com.st.stm32cube.ide.mcu.externaltools.gnu-tools-for-stm32.10.3-2021.10.win32_1.0.0.202111181127/tools/bin/../lib/gcc/arm-none-eabi/10.3.1/thumb/v6-m/nofp/crtbegin.o
 *(.bss*)
 .bss.huart2    0x000000002000002c       0x84 ./Core/Src/main.o
                0x000000002000002c                huart2
 .bss.hdma_usart2_rx
                0x00000000200000b0       0x44 ./Core/Src/main.o
                0x00000000200000b0                hdma_usart2_rx
 .bss.hdma_usart2_tx
                0x00000000200000f4       0x44 ./Core/Src/main.o
                0x00000000200000f4                hdma_usart2_tx
 .bss.numSamples
                0x0000000020000138        0x1 ./Core/Src/main.o
                0x0000000020000138                numSamples
 *fill*         0x0000000020000139        0x3 
 .bss.buffer    0x000000002000013c       0x32 ./Core/Src/main.o
                0x000000002000013c                buffer
 .bss.buttonFlag
                0x000000002000016e        0x1 ./Core/Src/main.o
                0x000000002000016e                buttonFlag
 *fill*         0x000000002000016f        0x1 
 .bss.uwTick    0x0000000020000170        0x4 ./Drivers/STM32F0xx_HAL_Driver/Src/stm32f0xx_hal.o
                0x0000000020000170                uwTick
 *(COMMON)
                0x0000000020000174                . = ALIGN (0x4)
                0x0000000020000174                _ebss = .
                0x0000000020000174                __bss_end__ = _ebss

._user_heap_stack
                0x0000000020000174      0x604 load address 0x0000000008003d74
                0x0000000020000178                . = ALIGN (0x8)
 *fill*         0x0000000020000174        0x4 
                [!provide]                        PROVIDE (end = .)
                0x0000000020000178                PROVIDE (_end = .)
                0x0000000020000378                . = (. + _Min_Heap_Size)
 *fill*         0x0000000020000178      0x200 
                0x0000000020000778                . = (. + _Min_Stack_Size)
 *fill*         0x0000000020000378      0x400 
                0x0000000020000778                . = ALIGN (0x8)

/DISCARD/
 libc.a(*)
 libm.a(*)
 libgcc.a(*)

.ARM.attributes
                0x0000000000000000       0x28
 *(.ARM.attributes)
 .ARM.attributes
                0x0000000000000000       0x1e d:/program files/stm32cubeide_1.10.1/stm32cubeide/plugins/com.st.stm32cube.ide.mcu.externaltools.gnu-tools-for-stm32.10.3-2021.10.win32_1.0.0.202111181127/tools/bin/../lib/gcc/arm-none-eabi/10.3.1/thumb/v6-m/nofp/crti.o
 .ARM.attributes
                0x000000000000001e       0x2c d:/program files/stm32cubeide_1.10.1/stm32cubeide/plugins/com.st.stm32cube.ide.mcu.externaltools.gnu-tools-for-stm32.10.3-2021.10.win32_1.0.0.202111181127/tools/bin/../lib/gcc/arm-none-eabi/10.3.1/thumb/v6-m/nofp/crtbegin.o
 .ARM.attributes
                0x000000000000004a       0x2c ./Core/Src/main.o
 .ARM.attributes
                0x0000000000000076       0x2c ./Core/Src/stm32f0xx_hal_msp.o
 .ARM.attributes
                0x00000000000000a2       0x2c ./Core/Src/stm32f0xx_it.o
 .ARM.attributes
                0x00000000000000ce       0x2c ./Core/Src/system_stm32f0xx.o
 .ARM.attributes
                0x00000000000000fa       0x21 ./Core/Startup/startup_stm32f051r8tx.o
 .ARM.attributes
                0x000000000000011b       0x2c ./Drivers/STM32F0xx_HAL_Driver/Src/stm32f0xx_hal.o
 .ARM.attributes
                0x0000000000000147       0x2c ./Drivers/STM32F0xx_HAL_Driver/Src/stm32f0xx_hal_cortex.o
 .ARM.attributes
                0x0000000000000173       0x2c ./Drivers/STM32F0xx_HAL_Driver/Src/stm32f0xx_hal_dma.o
 .ARM.attributes
                0x000000000000019f       0x2c ./Drivers/STM32F0xx_HAL_Driver/Src/stm32f0xx_hal_gpio.o
 .ARM.attributes
                0x00000000000001cb       0x2c ./Drivers/STM32F0xx_HAL_Driver/Src/stm32f0xx_hal_rcc.o
 .ARM.attributes
                0x00000000000001f7       0x2c ./Drivers/STM32F0xx_HAL_Driver/Src/stm32f0xx_hal_uart.o
 .ARM.attributes
                0x0000000000000223       0x2c ./Drivers/STM32F0xx_HAL_Driver/Src/stm32f0xx_hal_uart_ex.o
 .ARM.attributes
                0x000000000000024f       0x2c d:/program files/stm32cubeide_1.10.1/stm32cubeide/plugins/com.st.stm32cube.ide.mcu.externaltools.gnu-tools-for-stm32.10.3-2021.10.win32_1.0.0.202111181127/tools/bin/../lib/gcc/arm-none-eabi/10.3.1/../../../../arm-none-eabi/lib/thumb/v6-m/nofp\libc_nano.a(lib_a-init.o)
 .ARM.attributes
                0x000000000000027b       0x2c d:/program files/stm32cubeide_1.10.1/stm32cubeide/plugins/com.st.stm32cube.ide.mcu.externaltools.gnu-tools-for-stm32.10.3-2021.10.win32_1.0.0.202111181127/tools/bin/../lib/gcc/arm-none-eabi/10.3.1/../../../../arm-none-eabi/lib/thumb/v6-m/nofp\libc_nano.a(lib_a-memset.o)
 .ARM.attributes
                0x00000000000002a7       0x1e d:/program files/stm32cubeide_1.10.1/stm32cubeide/plugins/com.st.stm32cube.ide.mcu.externaltools.gnu-tools-for-stm32.10.3-2021.10.win32_1.0.0.202111181127/tools/bin/../lib/gcc/arm-none-eabi/10.3.1/thumb/v6-m/nofp\libgcc.a(_udivsi3.o)
 .ARM.attributes
                0x00000000000002c5       0x1e d:/program files/stm32cubeide_1.10.1/stm32cubeide/plugins/com.st.stm32cube.ide.mcu.externaltools.gnu-tools-for-stm32.10.3-2021.10.win32_1.0.0.202111181127/tools/bin/../lib/gcc/arm-none-eabi/10.3.1/thumb/v6-m/nofp\libgcc.a(_dvmd_tls.o)
 .ARM.attributes
                0x00000000000002e3       0x2c d:/program files/stm32cubeide_1.10.1/stm32cubeide/plugins/com.st.stm32cube.ide.mcu.externaltools.gnu-tools-for-stm32.10.3-2021.10.win32_1.0.0.202111181127/tools/bin/../lib/gcc/arm-none-eabi/10.3.1/thumb/v6-m/nofp\libgcc.a(_fixunsdfsi.o)
 .ARM.attributes
                0x000000000000030f       0x2c d:/program files/stm32cubeide_1.10.1/stm32cubeide/plugins/com.st.stm32cube.ide.mcu.externaltools.gnu-tools-for-stm32.10.3-2021.10.win32_1.0.0.202111181127/tools/bin/../lib/gcc/arm-none-eabi/10.3.1/thumb/v6-m/nofp\libgcc.a(muldf3.o)
 .ARM.attributes
                0x000000000000033b       0x2c d:/program files/stm32cubeide_1.10.1/stm32cubeide/plugins/com.st.stm32cube.ide.mcu.externaltools.gnu-tools-for-stm32.10.3-2021.10.win32_1.0.0.202111181127/tools/bin/../lib/gcc/arm-none-eabi/10.3.1/thumb/v6-m/nofp\libgcc.a(subdf3.o)
 .ARM.attributes
                0x0000000000000367       0x2c d:/program files/stm32cubeide_1.10.1/stm32cubeide/plugins/com.st.stm32cube.ide.mcu.externaltools.gnu-tools-for-stm32.10.3-2021.10.win32_1.0.0.202111181127/tools/bin/../lib/gcc/arm-none-eabi/10.3.1/thumb/v6-m/nofp\libgcc.a(fixdfsi.o)
 .ARM.attributes
                0x0000000000000393       0x2c d:/program files/stm32cubeide_1.10.1/stm32cubeide/plugins/com.st.stm32cube.ide.mcu.externaltools.gnu-tools-for-stm32.10.3-2021.10.win32_1.0.0.202111181127/tools/bin/../lib/gcc/arm-none-eabi/10.3.1/thumb/v6-m/nofp\libgcc.a(floatunsidf.o)
 .ARM.attributes
                0x00000000000003bf       0x1e d:/program files/stm32cubeide_1.10.1/stm32cubeide/plugins/com.st.stm32cube.ide.mcu.externaltools.gnu-tools-for-stm32.10.3-2021.10.win32_1.0.0.202111181127/tools/bin/../lib/gcc/arm-none-eabi/10.3.1/thumb/v6-m/nofp\libgcc.a(_arm_cmpdf2.o)
 .ARM.attributes
                0x00000000000003dd       0x1e d:/program files/stm32cubeide_1.10.1/stm32cubeide/plugins/com.st.stm32cube.ide.mcu.externaltools.gnu-tools-for-stm32.10.3-2021.10.win32_1.0.0.202111181127/tools/bin/../lib/gcc/arm-none-eabi/10.3.1/thumb/v6-m/nofp\libgcc.a(_clzsi2.o)
 .ARM.attributes
                0x00000000000003fb       0x2c d:/program files/stm32cubeide_1.10.1/stm32cubeide/plugins/com.st.stm32cube.ide.mcu.externaltools.gnu-tools-for-stm32.10.3-2021.10.win32_1.0.0.202111181127/tools/bin/../lib/gcc/arm-none-eabi/10.3.1/thumb/v6-m/nofp\libgcc.a(eqdf2.o)
 .ARM.attributes
                0x0000000000000427       0x2c d:/program files/stm32cubeide_1.10.1/stm32cubeide/plugins/com.st.stm32cube.ide.mcu.externaltools.gnu-tools-for-stm32.10.3-2021.10.win32_1.0.0.202111181127/tools/bin/../lib/gcc/arm-none-eabi/10.3.1/thumb/v6-m/nofp\libgcc.a(gedf2.o)
 .ARM.attributes
                0x0000000000000453       0x2c d:/program files/stm32cubeide_1.10.1/stm32cubeide/plugins/com.st.stm32cube.ide.mcu.externaltools.gnu-tools-for-stm32.10.3-2021.10.win32_1.0.0.202111181127/tools/bin/../lib/gcc/arm-none-eabi/10.3.1/thumb/v6-m/nofp\libgcc.a(ledf2.o)
 .ARM.attributes
                0x000000000000047f       0x1e d:/program files/stm32cubeide_1.10.1/stm32cubeide/plugins/com.st.stm32cube.ide.mcu.externaltools.gnu-tools-for-stm32.10.3-2021.10.win32_1.0.0.202111181127/tools/bin/../lib/gcc/arm-none-eabi/10.3.1/thumb/v6-m/nofp/crtn.o
OUTPUT(LOT_Receive.elf elf32-littlearm)
LOAD linker stubs
LOAD d:/program files/stm32cubeide_1.10.1/stm32cubeide/plugins/com.st.stm32cube.ide.mcu.externaltools.gnu-tools-for-stm32.10.3-2021.10.win32_1.0.0.202111181127/tools/bin/../lib/gcc/arm-none-eabi/10.3.1/../../../../arm-none-eabi/lib/thumb/v6-m/nofp\libc.a
LOAD d:/program files/stm32cubeide_1.10.1/stm32cubeide/plugins/com.st.stm32cube.ide.mcu.externaltools.gnu-tools-for-stm32.10.3-2021.10.win32_1.0.0.202111181127/tools/bin/../lib/gcc/arm-none-eabi/10.3.1/../../../../arm-none-eabi/lib/thumb/v6-m/nofp\libm.a
LOAD d:/program files/stm32cubeide_1.10.1/stm32cubeide/plugins/com.st.stm32cube.ide.mcu.externaltools.gnu-tools-for-stm32.10.3-2021.10.win32_1.0.0.202111181127/tools/bin/../lib/gcc/arm-none-eabi/10.3.1/thumb/v6-m/nofp\libgcc.a

.debug_info     0x0000000000000000     0x911d
 .debug_info    0x0000000000000000      0xfef ./Core/Src/main.o
 .debug_info    0x0000000000000fef      0xade ./Core/Src/stm32f0xx_hal_msp.o
 .debug_info    0x0000000000001acd      0x706 ./Core/Src/stm32f0xx_it.o
 .debug_info    0x00000000000021d3      0x269 ./Core/Src/system_stm32f0xx.o
 .debug_info    0x000000000000243c       0x22 ./Core/Startup/startup_stm32f051r8tx.o
 .debug_info    0x000000000000245e      0x6de ./Drivers/STM32F0xx_HAL_Driver/Src/stm32f0xx_hal.o
 .debug_info    0x0000000000002b3c      0x711 ./Drivers/STM32F0xx_HAL_Driver/Src/stm32f0xx_hal_cortex.o
 .debug_info    0x000000000000324d      0x752 ./Drivers/STM32F0xx_HAL_Driver/Src/stm32f0xx_hal_dma.o
 .debug_info    0x000000000000399f      0x621 ./Drivers/STM32F0xx_HAL_Driver/Src/stm32f0xx_hal_gpio.o
 .debug_info    0x0000000000003fc0      0x89f ./Drivers/STM32F0xx_HAL_Driver/Src/stm32f0xx_hal_rcc.o
 .debug_info    0x000000000000485f     0x3c0c ./Drivers/STM32F0xx_HAL_Driver/Src/stm32f0xx_hal_uart.o
 .debug_info    0x000000000000846b      0xcb2 ./Drivers/STM32F0xx_HAL_Driver/Src/stm32f0xx_hal_uart_ex.o

.debug_abbrev   0x0000000000000000     0x179c
 .debug_abbrev  0x0000000000000000      0x2bf ./Core/Src/main.o
 .debug_abbrev  0x00000000000002bf      0x1ef ./Core/Src/stm32f0xx_hal_msp.o
 .debug_abbrev  0x00000000000004ae      0x170 ./Core/Src/stm32f0xx_it.o
 .debug_abbrev  0x000000000000061e      0x116 ./Core/Src/system_stm32f0xx.o
 .debug_abbrev  0x0000000000000734       0x12 ./Core/Startup/startup_stm32f051r8tx.o
 .debug_abbrev  0x0000000000000746      0x23f ./Drivers/STM32F0xx_HAL_Driver/Src/stm32f0xx_hal.o
 .debug_abbrev  0x0000000000000985      0x283 ./Drivers/STM32F0xx_HAL_Driver/Src/stm32f0xx_hal_cortex.o
 .debug_abbrev  0x0000000000000c08      0x1e9 ./Drivers/STM32F0xx_HAL_Driver/Src/stm32f0xx_hal_dma.o
 .debug_abbrev  0x0000000000000df1      0x1bb ./Drivers/STM32F0xx_HAL_Driver/Src/stm32f0xx_hal_gpio.o
 .debug_abbrev  0x0000000000000fac      0x283 ./Drivers/STM32F0xx_HAL_Driver/Src/stm32f0xx_hal_rcc.o
 .debug_abbrev  0x000000000000122f      0x2cb ./Drivers/STM32F0xx_HAL_Driver/Src/stm32f0xx_hal_uart.o
 .debug_abbrev  0x00000000000014fa      0x2a2 ./Drivers/STM32F0xx_HAL_Driver/Src/stm32f0xx_hal_uart_ex.o

.debug_aranges  0x0000000000000000      0x6c0
 .debug_aranges
                0x0000000000000000       0x70 ./Core/Src/main.o
 .debug_aranges
                0x0000000000000070       0x30 ./Core/Src/stm32f0xx_hal_msp.o
 .debug_aranges
                0x00000000000000a0       0x50 ./Core/Src/stm32f0xx_it.o
 .debug_aranges
                0x00000000000000f0       0x28 ./Core/Src/system_stm32f0xx.o
 .debug_aranges
                0x0000000000000118       0x28 ./Core/Startup/startup_stm32f051r8tx.o
 .debug_aranges
                0x0000000000000140       0xd0 ./Drivers/STM32F0xx_HAL_Driver/Src/stm32f0xx_hal.o
 .debug_aranges
                0x0000000000000210       0xc0 ./Drivers/STM32F0xx_HAL_Driver/Src/stm32f0xx_hal_cortex.o
 .debug_aranges
                0x00000000000002d0       0x88 ./Drivers/STM32F0xx_HAL_Driver/Src/stm32f0xx_hal_dma.o
 .debug_aranges
                0x0000000000000358       0x58 ./Drivers/STM32F0xx_HAL_Driver/Src/stm32f0xx_hal_gpio.o
 .debug_aranges
                0x00000000000003b0       0x80 ./Drivers/STM32F0xx_HAL_Driver/Src/stm32f0xx_hal_rcc.o
 .debug_aranges
                0x0000000000000430      0x228 ./Drivers/STM32F0xx_HAL_Driver/Src/stm32f0xx_hal_uart.o
 .debug_aranges
                0x0000000000000658       0x68 ./Drivers/STM32F0xx_HAL_Driver/Src/stm32f0xx_hal_uart_ex.o

.debug_ranges   0x0000000000000000      0x638
 .debug_ranges  0x0000000000000000       0x60 ./Core/Src/main.o
 .debug_ranges  0x0000000000000060       0x20 ./Core/Src/stm32f0xx_hal_msp.o
 .debug_ranges  0x0000000000000080       0x40 ./Core/Src/stm32f0xx_it.o
 .debug_ranges  0x00000000000000c0       0x18 ./Core/Src/system_stm32f0xx.o
 .debug_ranges  0x00000000000000d8       0x20 ./Core/Startup/startup_stm32f051r8tx.o
 .debug_ranges  0x00000000000000f8       0xc0 ./Drivers/STM32F0xx_HAL_Driver/Src/stm32f0xx_hal.o
 .debug_ranges  0x00000000000001b8       0xb0 ./Drivers/STM32F0xx_HAL_Driver/Src/stm32f0xx_hal_cortex.o
 .debug_ranges  0x0000000000000268       0x78 ./Drivers/STM32F0xx_HAL_Driver/Src/stm32f0xx_hal_dma.o
 .debug_ranges  0x00000000000002e0       0x48 ./Drivers/STM32F0xx_HAL_Driver/Src/stm32f0xx_hal_gpio.o
 .debug_ranges  0x0000000000000328       0x70 ./Drivers/STM32F0xx_HAL_Driver/Src/stm32f0xx_hal_rcc.o
 .debug_ranges  0x0000000000000398      0x248 ./Drivers/STM32F0xx_HAL_Driver/Src/stm32f0xx_hal_uart.o
 .debug_ranges  0x00000000000005e0       0x58 ./Drivers/STM32F0xx_HAL_Driver/Src/stm32f0xx_hal_uart_ex.o

.debug_macro    0x0000000000000000    0x10bff
 .debug_macro   0x0000000000000000      0x1d8 ./Core/Src/main.o
 .debug_macro   0x00000000000001d8      0xa4e ./Core/Src/main.o
 .debug_macro   0x0000000000000c26      0x12d ./Core/Src/main.o
 .debug_macro   0x0000000000000d53       0x2e ./Core/Src/main.o
 .debug_macro   0x0000000000000d81       0x22 ./Core/Src/main.o
 .debug_macro   0x0000000000000da3       0x22 ./Core/Src/main.o
 .debug_macro   0x0000000000000dc5       0x8e ./Core/Src/main.o
 .debug_macro   0x0000000000000e53       0x51 ./Core/Src/main.o
 .debug_macro   0x0000000000000ea4      0x103 ./Core/Src/main.o
 .debug_macro   0x0000000000000fa7       0x6a ./Core/Src/main.o
 .debug_macro   0x0000000000001011      0x1df ./Core/Src/main.o
 .debug_macro   0x00000000000011f0       0x1c ./Core/Src/main.o
 .debug_macro   0x000000000000120c       0x22 ./Core/Src/main.o
 .debug_macro   0x000000000000122e       0xaf ./Core/Src/main.o
 .debug_macro   0x00000000000012dd      0x391 ./Core/Src/main.o
 .debug_macro   0x000000000000166e     0x8ce4 ./Core/Src/main.o
 .debug_macro   0x000000000000a352       0x66 ./Core/Src/main.o
 .debug_macro   0x000000000000a3b8     0x34a6 ./Core/Src/main.o
 .debug_macro   0x000000000000d85e      0x174 ./Core/Src/main.o
 .debug_macro   0x000000000000d9d2       0x55 ./Core/Src/main.o
 .debug_macro   0x000000000000da27      0x924 ./Core/Src/main.o
 .debug_macro   0x000000000000e34b      0x251 ./Core/Src/main.o
 .debug_macro   0x000000000000e59c      0x1af ./Core/Src/main.o
 .debug_macro   0x000000000000e74b      0x114 ./Core/Src/main.o
 .debug_macro   0x000000000000e85f      0x1a0 ./Core/Src/main.o
 .debug_macro   0x000000000000e9ff      0x1ed ./Core/Src/main.o
 .debug_macro   0x000000000000ebec       0x34 ./Core/Src/main.o
 .debug_macro   0x000000000000ec20       0x43 ./Core/Src/main.o
 .debug_macro   0x000000000000ec63       0x28 ./Core/Src/main.o
 .debug_macro   0x000000000000ec8b       0xb0 ./Core/Src/main.o
 .debug_macro   0x000000000000ed3b      0x199 ./Core/Src/main.o
 .debug_macro   0x000000000000eed4      0x22c ./Core/Src/main.o
 .debug_macro   0x000000000000f100       0x61 ./Core/Src/main.o
 .debug_macro   0x000000000000f161       0xa5 ./Core/Src/main.o
 .debug_macro   0x000000000000f206       0x4c ./Core/Src/main.o
 .debug_macro   0x000000000000f252      0x112 ./Core/Src/main.o
 .debug_macro   0x000000000000f364      0x5a5 ./Core/Src/main.o
 .debug_macro   0x000000000000f909       0x3e ./Core/Src/main.o
 .debug_macro   0x000000000000f947      0x114 ./Core/Src/main.o
 .debug_macro   0x000000000000fa5b       0x34 ./Core/Src/main.o
 .debug_macro   0x000000000000fa8f       0x22 ./Core/Src/main.o
 .debug_macro   0x000000000000fab1      0x1bd ./Core/Src/stm32f0xx_hal_msp.o
 .debug_macro   0x000000000000fc6e      0x1c7 ./Core/Src/stm32f0xx_it.o
 .debug_macro   0x000000000000fe35      0x1ae ./Core/Src/system_stm32f0xx.o
 .debug_macro   0x000000000000ffe3      0x1d2 ./Drivers/STM32F0xx_HAL_Driver/Src/stm32f0xx_hal.o
 .debug_macro   0x00000000000101b5      0x1ae ./Drivers/STM32F0xx_HAL_Driver/Src/stm32f0xx_hal_cortex.o
 .debug_macro   0x0000000000010363      0x1ae ./Drivers/STM32F0xx_HAL_Driver/Src/stm32f0xx_hal_dma.o
 .debug_macro   0x0000000000010511      0x1b5 ./Drivers/STM32F0xx_HAL_Driver/Src/stm32f0xx_hal_gpio.o
 .debug_macro   0x00000000000106c6      0x1c0 ./Drivers/STM32F0xx_HAL_Driver/Src/stm32f0xx_hal_rcc.o
 .debug_macro   0x0000000000010886      0x1cb ./Drivers/STM32F0xx_HAL_Driver/Src/stm32f0xx_hal_uart.o
 .debug_macro   0x0000000000010a51      0x1ae ./Drivers/STM32F0xx_HAL_Driver/Src/stm32f0xx_hal_uart_ex.o

.debug_line     0x0000000000000000     0x900f
 .debug_line    0x0000000000000000      0x9f3 ./Core/Src/main.o
 .debug_line    0x00000000000009f3      0x768 ./Core/Src/stm32f0xx_hal_msp.o
 .debug_line    0x000000000000115b      0x768 ./Core/Src/stm32f0xx_it.o
 .debug_line    0x00000000000018c3      0x742 ./Core/Src/system_stm32f0xx.o
 .debug_line    0x0000000000002005       0x89 ./Core/Startup/startup_stm32f051r8tx.o
 .debug_line    0x000000000000208e      0x94d ./Drivers/STM32F0xx_HAL_Driver/Src/stm32f0xx_hal.o
 .debug_line    0x00000000000029db      0x9f9 ./Drivers/STM32F0xx_HAL_Driver/Src/stm32f0xx_hal_cortex.o
 .debug_line    0x00000000000033d4      0xc69 ./Drivers/STM32F0xx_HAL_Driver/Src/stm32f0xx_hal_dma.o
 .debug_line    0x000000000000403d      0xaca ./Drivers/STM32F0xx_HAL_Driver/Src/stm32f0xx_hal_gpio.o
 .debug_line    0x0000000000004b07      0xd39 ./Drivers/STM32F0xx_HAL_Driver/Src/stm32f0xx_hal_rcc.o
 .debug_line    0x0000000000005840     0x2c48 ./Drivers/STM32F0xx_HAL_Driver/Src/stm32f0xx_hal_uart.o
 .debug_line    0x0000000000008488      0xb87 ./Drivers/STM32F0xx_HAL_Driver/Src/stm32f0xx_hal_uart_ex.o

.debug_str      0x0000000000000000    0x64e6a
 .debug_str     0x0000000000000000    0x63836 ./Core/Src/main.o
                                      0x63bab (size before relaxing)
 .debug_str     0x0000000000063836       0x96 ./Core/Src/stm32f0xx_hal_msp.o
                                      0x6388d (size before relaxing)
 .debug_str     0x00000000000638cc       0xbb ./Core/Src/stm32f0xx_it.o
                                      0x635d9 (size before relaxing)
 .debug_str     0x0000000000063987       0x8b ./Core/Src/system_stm32f0xx.o
                                      0x6310c (size before relaxing)
 .debug_str     0x0000000000063a12       0x36 ./Core/Startup/startup_stm32f051r8tx.o
                                         0x6a (size before relaxing)
 .debug_str     0x0000000000063a48      0x36e ./Drivers/STM32F0xx_HAL_Driver/Src/stm32f0xx_hal.o
                                      0x636cf (size before relaxing)
 .debug_str     0x0000000000063db6      0x197 ./Drivers/STM32F0xx_HAL_Driver/Src/stm32f0xx_hal_cortex.o
                                      0x634c0 (size before relaxing)
 .debug_str     0x0000000000063f4d      0x21e ./Drivers/STM32F0xx_HAL_Driver/Src/stm32f0xx_hal_dma.o
                                      0x634b2 (size before relaxing)
 .debug_str     0x000000000006416b       0xe9 ./Drivers/STM32F0xx_HAL_Driver/Src/stm32f0xx_hal_gpio.o
                                      0x632ad (size before relaxing)
 .debug_str     0x0000000000064254      0x21a ./Drivers/STM32F0xx_HAL_Driver/Src/stm32f0xx_hal_rcc.o
                                      0x63548 (size before relaxing)
 .debug_str     0x000000000006446e      0x855 ./Drivers/STM32F0xx_HAL_Driver/Src/stm32f0xx_hal_uart.o
                                      0x63e48 (size before relaxing)
 .debug_str     0x0000000000064cc3      0x1a7 ./Drivers/STM32F0xx_HAL_Driver/Src/stm32f0xx_hal_uart_ex.o
                                      0x6375f (size before relaxing)

.comment        0x0000000000000000       0x50
 .comment       0x0000000000000000       0x50 ./Core/Src/main.o
                                         0x51 (size before relaxing)
 .comment       0x0000000000000050       0x51 ./Core/Src/stm32f0xx_hal_msp.o
 .comment       0x0000000000000050       0x51 ./Core/Src/stm32f0xx_it.o
 .comment       0x0000000000000050       0x51 ./Core/Src/system_stm32f0xx.o
 .comment       0x0000000000000050       0x51 ./Drivers/STM32F0xx_HAL_Driver/Src/stm32f0xx_hal.o
 .comment       0x0000000000000050       0x51 ./Drivers/STM32F0xx_HAL_Driver/Src/stm32f0xx_hal_cortex.o
 .comment       0x0000000000000050       0x51 ./Drivers/STM32F0xx_HAL_Driver/Src/stm32f0xx_hal_dma.o
 .comment       0x0000000000000050       0x51 ./Drivers/STM32F0xx_HAL_Driver/Src/stm32f0xx_hal_gpio.o
 .comment       0x0000000000000050       0x51 ./Drivers/STM32F0xx_HAL_Driver/Src/stm32f0xx_hal_rcc.o
 .comment       0x0000000000000050       0x51 ./Drivers/STM32F0xx_HAL_Driver/Src/stm32f0xx_hal_uart.o
 .comment       0x0000000000000050       0x51 ./Drivers/STM32F0xx_HAL_Driver/Src/stm32f0xx_hal_uart_ex.o

.debug_frame    0x0000000000000000     0x1868
 .debug_frame   0x0000000000000000      0x170 ./Core/Src/main.o
 .debug_frame   0x0000000000000170       0x70 ./Core/Src/stm32f0xx_hal_msp.o
 .debug_frame   0x00000000000001e0       0xd4 ./Core/Src/stm32f0xx_it.o
 .debug_frame   0x00000000000002b4       0x4c ./Core/Src/system_stm32f0xx.o
 .debug_frame   0x0000000000000300      0x2a4 ./Drivers/STM32F0xx_HAL_Driver/Src/stm32f0xx_hal.o
 .debug_frame   0x00000000000005a4      0x2a0 ./Drivers/STM32F0xx_HAL_Driver/Src/stm32f0xx_hal_cortex.o
 .debug_frame   0x0000000000000844      0x1d0 ./Drivers/STM32F0xx_HAL_Driver/Src/stm32f0xx_hal_dma.o
 .debug_frame   0x0000000000000a14      0x110 ./Drivers/STM32F0xx_HAL_Driver/Src/stm32f0xx_hal_gpio.o
 .debug_frame   0x0000000000000b24      0x198 ./Drivers/STM32F0xx_HAL_Driver/Src/stm32f0xx_hal_rcc.o
 .debug_frame   0x0000000000000cbc      0x850 ./Drivers/STM32F0xx_HAL_Driver/Src/stm32f0xx_hal_uart.o
 .debug_frame   0x000000000000150c      0x158 ./Drivers/STM32F0xx_HAL_Driver/Src/stm32f0xx_hal_uart_ex.o
 .debug_frame   0x0000000000001664       0x2c d:/program files/stm32cubeide_1.10.1/stm32cubeide/plugins/com.st.stm32cube.ide.mcu.externaltools.gnu-tools-for-stm32.10.3-2021.10.win32_1.0.0.202111181127/tools/bin/../lib/gcc/arm-none-eabi/10.3.1/../../../../arm-none-eabi/lib/thumb/v6-m/nofp\libc_nano.a(lib_a-init.o)
 .debug_frame   0x0000000000001690       0x20 d:/program files/stm32cubeide_1.10.1/stm32cubeide/plugins/com.st.stm32cube.ide.mcu.externaltools.gnu-tools-for-stm32.10.3-2021.10.win32_1.0.0.202111181127/tools/bin/../lib/gcc/arm-none-eabi/10.3.1/../../../../arm-none-eabi/lib/thumb/v6-m/nofp\libc_nano.a(lib_a-memset.o)
 .debug_frame   0x00000000000016b0       0x20 d:/program files/stm32cubeide_1.10.1/stm32cubeide/plugins/com.st.stm32cube.ide.mcu.externaltools.gnu-tools-for-stm32.10.3-2021.10.win32_1.0.0.202111181127/tools/bin/../lib/gcc/arm-none-eabi/10.3.1/thumb/v6-m/nofp\libgcc.a(_udivsi3.o)
 .debug_frame   0x00000000000016d0       0x2c d:/program files/stm32cubeide_1.10.1/stm32cubeide/plugins/com.st.stm32cube.ide.mcu.externaltools.gnu-tools-for-stm32.10.3-2021.10.win32_1.0.0.202111181127/tools/bin/../lib/gcc/arm-none-eabi/10.3.1/thumb/v6-m/nofp\libgcc.a(_fixunsdfsi.o)
 .debug_frame   0x00000000000016fc       0x3c d:/program files/stm32cubeide_1.10.1/stm32cubeide/plugins/com.st.stm32cube.ide.mcu.externaltools.gnu-tools-for-stm32.10.3-2021.10.win32_1.0.0.202111181127/tools/bin/../lib/gcc/arm-none-eabi/10.3.1/thumb/v6-m/nofp\libgcc.a(muldf3.o)
 .debug_frame   0x0000000000001738       0x3c d:/program files/stm32cubeide_1.10.1/stm32cubeide/plugins/com.st.stm32cube.ide.mcu.externaltools.gnu-tools-for-stm32.10.3-2021.10.win32_1.0.0.202111181127/tools/bin/../lib/gcc/arm-none-eabi/10.3.1/thumb/v6-m/nofp\libgcc.a(subdf3.o)
 .debug_frame   0x0000000000001774       0x2c d:/program files/stm32cubeide_1.10.1/stm32cubeide/plugins/com.st.stm32cube.ide.mcu.externaltools.gnu-tools-for-stm32.10.3-2021.10.win32_1.0.0.202111181127/tools/bin/../lib/gcc/arm-none-eabi/10.3.1/thumb/v6-m/nofp\libgcc.a(fixdfsi.o)
 .debug_frame   0x00000000000017a0       0x28 d:/program files/stm32cubeide_1.10.1/stm32cubeide/plugins/com.st.stm32cube.ide.mcu.externaltools.gnu-tools-for-stm32.10.3-2021.10.win32_1.0.0.202111181127/tools/bin/../lib/gcc/arm-none-eabi/10.3.1/thumb/v6-m/nofp\libgcc.a(floatunsidf.o)
 .debug_frame   0x00000000000017c8       0x38 d:/program files/stm32cubeide_1.10.1/stm32cubeide/plugins/com.st.stm32cube.ide.mcu.externaltools.gnu-tools-for-stm32.10.3-2021.10.win32_1.0.0.202111181127/tools/bin/../lib/gcc/arm-none-eabi/10.3.1/thumb/v6-m/nofp\libgcc.a(eqdf2.o)
 .debug_frame   0x0000000000001800       0x34 d:/program files/stm32cubeide_1.10.1/stm32cubeide/plugins/com.st.stm32cube.ide.mcu.externaltools.gnu-tools-for-stm32.10.3-2021.10.win32_1.0.0.202111181127/tools/bin/../lib/gcc/arm-none-eabi/10.3.1/thumb/v6-m/nofp\libgcc.a(gedf2.o)
 .debug_frame   0x0000000000001834       0x34 d:/program files/stm32cubeide_1.10.1/stm32cubeide/plugins/com.st.stm32cube.ide.mcu.externaltools.gnu-tools-for-stm32.10.3-2021.10.win32_1.0.0.202111181127/tools/bin/../lib/gcc/arm-none-eabi/10.3.1/thumb/v6-m/nofp\libgcc.a(ledf2.o)
