../Core/Src/main.c:78:5:main	8	static
../Core/Src/main.c:127:6:SystemClock_Config	80	static
../Core/Src/main.c:166:13:MX_USART2_UART_Init	8	static
../Core/Src/main.c:199:13:MX_DMA_Init	16	static
../Core/Src/main.c:217:13:MX_GPIO_Init	48	static
../Core/Src/main.c:256:6:EXTI0_1_IRQHandler	16	static
../Core/Src/main.c:268:6:LOT_Receive	48	static
../Core/Src/main.c:302:6:ReceiveCheckPoint	40	static
../Core/Src/main.c:329:6:ReceiveSample	80	static
../Core/Src/main.c:369:10:bitsToDec	32	static
../Core/Src/main.c:386:6:Error_Handler	8	static,ignoring_inline_asm
